// Vitest Snapshot v1, https://vitest.dev/guide/snapshot.html

exports[`Remove deployer > should remove the deployer from ./__fixtures__/basic.js 1`] = `
"import { Mastra } from '@mastra/core/mastra';
import { createLogger } from '@mastra/core/logger';
import { weatherAgent } from './agents';

const mastra = new Mastra({
  agents: {
    weatherAgent
  },
  logger: createLogger({
    name: "Mastra",
    level: "info"
  })
});

export { mastra };
"
`;

exports[`Remove deployer > should remove the deployer from ./__fixtures__/basic-with-const.js 1`] = `
"import { Mastra } from '@mastra/core/mastra';
import { createLogger } from '@mastra/core/logger';
import { weatherAgent } from './agents';

const mastra = new Mastra({
  agents: {
    weatherAgent
  },
  logger: createLogger({
    name: "Mastra",
    level: "info"
  })
});

export { mastra };
"
`;

exports[`Remove deployer > should remove the deployer from ./__fixtures__/basic-with-function.js 1`] = `
"import { Mastra } from '@mastra/core/mastra';
import { createLogger } from '@mastra/core/logger';
import { weatherAgent } from './agents';

const mastra = new Mastra({
  agents: {
    weatherAgent
  },
  logger: createLogger({
    name: "Mastra",
    level: "info"
  })
});

export { mastra };
"
`;

exports[`Remove deployer > should remove the deployer from ./__fixtures__/basic-with-import.js 1`] = `
"import { Mastra } from '@mastra/core/mastra';
import { createLogger } from '@mastra/core/logger';
import { weatherAgent } from './agents';

const mastra = new Mastra({
  agents: {
    weatherAgent
  },
  logger: createLogger({
    name: "Mastra",
    level: "info"
  })
});

export { mastra };
"
`;
